均匀样本回接成功 1198 / 1198 题
对比月份 30 个；均匀 n=1165，原样本 n=2985

======================================================================
每月：均匀样本均分 / 原样本均分 / 差值
======================================================================
  2021-06  post=0   uniform 2.559 (n= 34)   first100 2.696 (n= 92)   Δ -0.137
  2021-07  post=0   uniform 2.375 (n= 40)   first100 2.670 (n=100)   Δ -0.295
  2021-08  post=0   uniform 2.744 (n= 39)   first100 3.020 (n=100)   Δ -0.276
  2021-09  post=0   uniform 2.667 (n= 39)   first100 2.710 (n=100)   Δ -0.043
  2021-10  post=0   uniform 2.650 (n= 40)   first100 2.930 (n=100)   Δ -0.280
  2021-11  post=0   uniform 2.625 (n= 40)   first100 2.480 (n=100)   Δ +0.145
  2021-12  post=0   uniform 2.325 (n= 40)   first100 2.970 (n=100)   Δ -0.645
  2022-01  post=0   uniform 2.359 (n= 39)   first100 2.430 (n=100)   Δ -0.071
  2022-02  post=0   uniform 2.590 (n= 39)   first100 2.700 (n=100)   Δ -0.110
  2022-03  post=0   uniform 2.325 (n= 40)   first100 2.700 (n=100)   Δ -0.375
  2022-04  post=0   uniform 2.400 (n= 40)   first100 2.620 (n=100)   Δ -0.220
  2022-05  post=0   uniform 2.625 (n= 40)   first100 2.760 (n=100)   Δ -0.135
  2022-06  post=0   uniform 2.175 (n= 40)   first100 2.760 (n=100)   Δ -0.585
  2022-07  post=0   uniform 2.410 (n= 39)   first100 2.770 (n=100)   Δ -0.360
  2022-08  post=0   uniform 2.474 (n= 38)   first100 2.540 (n=100)   Δ -0.066
  2022-09  post=0   uniform 2.615 (n= 39)   first100 2.910 (n=100)   Δ -0.295
  2022-10  post=0   uniform 2.700 (n= 40)   first100 2.600 (n=100)   Δ +0.100
  2022-11  post=0   uniform 2.649 (n= 37)   first100 2.980 (n=100)   Δ -0.331
  2022-12  post=1   uniform 2.650 (n= 40)   first100 2.400 (n=100)   Δ +0.250
  2023-01  post=1   uniform 2.850 (n= 40)   first100 2.505 (n= 99)   Δ +0.345
  2023-03  post=1   uniform 2.282 (n= 39)   first100 2.710 (n=100)   Δ -0.428
  2023-06  post=1   uniform 2.459 (n= 37)   first100 2.500 (n=100)   Δ -0.041
  2023-09  post=1   uniform 2.667 (n= 39)   first100 2.260 (n=100)   Δ +0.407
  2023-12  post=1   uniform 2.462 (n= 39)   first100 2.450 (n=100)   Δ +0.012
  2024-03  post=1   uniform 2.308 (n= 39)   first100 2.190 (n=100)   Δ +0.118
  2024-06  post=1   uniform 1.947 (n= 38)   first100 2.293 (n= 99)   Δ -0.346
  2024-12  post=1   uniform 2.184 (n= 38)   first100 2.160 (n=100)   Δ +0.024
  2025-06  post=1   uniform 2.050 (n= 40)   first100 2.465 (n= 99)   Δ -0.415
  2025-12  post=1   uniform 2.237 (n= 38)   first100 2.090 (n=100)   Δ +0.147
  2026-05  post=1   uniform 2.229 (n= 35)   first100 2.562 (n= 96)   Δ -0.334

======================================================================
R1-A  抽样规则造成的偏倚是否随时间漂移
======================================================================
  前期 Δ = -0.221   后期 Δ = -0.022
  ΔΔ（后−前）= +0.199, SE 0.098, 95% CI [+0.006, +0.392]
  判据 R1-A：不通过 —— 区间不含 0，存在时变污染，需量化后写进稿

======================================================================
R1-B  头条落差在真随机样本上是否复现
======================================================================
  原样本   前 2.736 → 后 2.381   落差 -0.355
  均匀样本 前 2.514 → 后 2.364   落差 -0.150  (SE 0.062, 95% CI [-0.272, -0.027])
  判据 R1-B：通过——同号且显著

======================================================================
R1-C  在均匀样本上重估剂量反应 γ
======================================================================
  γ(均匀样本) = -0.128  (SE 0.079, t = -1.63, 30 个月聚类)
  主稿 γ(最早100) = −0.42
  判据 R1-C：不通过（符号或显著性未复现）

======================================================================
总判：R1-A 不过 / R1-B 过 / R1-C 不过
======================================================================

产物：R1_month_compare.csv  R1_result.json

--- stderr ---
