12 条断言全过，已写 R1_coverage_result.json
   panel_distinct_day_of_month            11
   panel_post_span_days_max               9.75
   panel_post_span_hours_max              234.0
   panel_post_span_hours_mean             55.4
   panel_post_span_hours_median           24.1
   panel_pre_median_h_from_month_start    3.6
   panel_pre_pct_beyond_day1              0.0
   panel_pre_pct_beyond_day2              0.0
   panel_pre_reach_hours_max              10.4
   panel_pre_span_hours_max               10.3
   panel_pre_span_hours_mean              6.8
   panel_pre_span_hours_median            6.4
   uniform_distinct_day_of_month          31
   uniform_n_fetched                      1198
   uniform_n_months                       30
   uniform_overlap_with_panel             25
   uniform_pre_median_h_from_month_start  372.5
   uniform_pre_pct_beyond_day1            95.1
   uniform_pre_pct_beyond_day2            91.0

--- stderr ---
