
=== (a) platform-level totals: pre/post average monthly volume, by language ===
  python       pre= 19204.0/mo  post_avg=  4616.5/mo (-76.0%)  last12avg=   551.3/mo (-97.1%)
  javascript   pre= 13191.8/mo  post_avg=  2817.1/mo (-78.6%)  last12avg=   231.4/mo (-98.2%)
  java         pre=  6126.8/mo  post_avg=  1628.6/mo (-73.4%)  last12avg=   236.4/mo (-96.1%)

=== (b) absolute volume by substitutability bin: N_t x p_hat_s,t ===

  -- python --
    s1: pre_abs=  2904.5/mo  post_abs=  1057.4/mo  Δ=-63.6%
    s2: pre_abs=  4216.9/mo  post_abs=  1217.1/mo  Δ=-71.1%
    s3: pre_abs=  7045.5/mo  post_abs=  1638.3/mo  Δ=-76.7%
    s4: pre_abs=  4945.0/mo  post_abs=   692.3/mo  Δ=-86.0%
    [sanity] mean (sum of Nhat_s1..s4) / platform_total = 0.996 (expect ~ (100-s0)/100)

  -- javascript --
    s1: pre_abs=  2166.3/mo  post_abs=   544.6/mo  Δ=-74.9%
    s2: pre_abs=  3099.9/mo  post_abs=   765.6/mo  Δ=-75.3%
    s3: pre_abs=  5328.1/mo  post_abs=  1006.0/mo  Δ=-81.1%
    s4: pre_abs=  2567.2/mo  post_abs=   494.5/mo  Δ=-80.7%
    [sanity] mean (sum of Nhat_s1..s4) / platform_total = 0.995 (expect ~ (100-s0)/100)

  -- java --
    s1: pre_abs=  1536.5/mo  post_abs=   476.1/mo  Δ=-69.0%
    s2: pre_abs=  1492.4/mo  post_abs=   423.8/mo  Δ=-71.6%
    s3: pre_abs=  2018.6/mo  post_abs=   494.3/mo  Δ=-75.5%
    s4: pre_abs=  1052.9/mo  post_abs=   223.7/mo  Δ=-78.7%
    [sanity] mean (sum of Nhat_s1..s4) / platform_total = 0.993 (expect ~ (100-s0)/100)

written: E:\智能体论文\P9b_IPM_20260919\工作文档\R2_downstream\orig\02_estimation\absolute_volume.json
per-language monthly reconstructed series: absolute_volume_series_{python,javascript,java}.csv

--- stderr ---
