==============================================================================
先确认参照月本身是不是异常值（不看回归，直接看原始面板）
==============================================================================
  2022-11（REF）mean_s = 2.980
  前 6 个月（2022-05..2022-10）mean_s：[2.76, 2.76, 2.77, 2.54, 2.91, 2.6]，均值 2.723，SD 0.133
  2022-11 相对前 6 个月的 z 分数 = 1.93（|z|>1.5 视为可疑偏高）

==============================================================================
稳健性：换不同参照，看'前期显著非零'这个结论还在不在
==============================================================================

[V0 原版：参照=2022-11 单月]  参照 = ['2022-11']
  W1   (6月, 2021-06..2021-11)  beta=-0.3354  SE=0.0982  t=-3.42
  W2   (6月, 2021-12..2022-05)  beta=-0.3430  SE=0.1139  t=-3.01
  W3   (5月, 2022-06..2022-10)  beta=-0.3663  SE=0.0697  t=-5.26
  联合 Wald: W=48.38 df=3 p=0.0000  -> 显著非零

[V1：参照=2022年9-11月三月均值]  参照 = ['2022-09', '2022-10', '2022-11']
  W1   (6月, 2021-06..2021-11)  beta=-0.1135  SE=0.1729  t=-0.66
  W2   (6月, 2021-12..2022-05)  beta=-0.1211  SE=0.1823  t=-0.66
  W3   (3月, 2022-06..2022-08)  beta=-0.1667  SE=0.1603  t=-1.04
  联合 Wald: W=1.11 df=3 p=0.7754  -> 不能拒绝为零

[V2：参照=2022年6-11月六月均值]  参照 = ['2022-06', '2022-07', '2022-08', '2022-09', '2022-10', '2022-11']
  W1   (6月, 2021-06..2021-11)  beta=-0.0301  SE=0.1323  t=-0.23
  W2   (6月, 2021-12..2022-05)  beta=-0.0377  SE=0.1442  t=-0.26
  联合 Wald: W=0.09 df=2 p=0.9583  -> 不能拒绝为零

==============================================================================
V3：不设任何单独参照——直接检验三窗口彼此是否有别（H0: W1=W2=W3）
==============================================================================
  以 W1(6月, 2021-06..2021-11) 为参照：
  W2 相对 W1: beta=-0.0076 SE=0.1489
  W3 相对 W1: beta=+0.0301 SE=0.1323
  联合检验 H0: W2=W1 且 W3=W1（即前期内部无结构）：W=0.09 df=2 p=0.9583 -> 不能拒绝——前期内部平坦，窗口间无显著差异

==============================================================================
汇总：三种不同参照下，'联合非零'检验的 p 值
==============================================================================
  V0 原版：参照=2022-11 单月              W= 48.38  p=1.77e-10
  V1：参照=2022年9-11月三月均值             W=  1.11  p=7.75e-01
  V2：参照=2022年6-11月六月均值             W=  0.09  p=9.58e-01
  V3（窗口互比，不涉及参照月绝对水平）             W=  0.09  p=0.9583

写入 E:\智能体论文\P9b_IPM_20260919\工作文档\R2_downstream\orig\02_estimation\review_r1\p0_6_ref_sensitivity.json

--- stderr ---
