============================================================================================
P1-14：连续剂量 vs 分组虚拟变量
============================================================================================

--- python ---
  连续型 γ = -0.4156 (SE 0.0673)   稿件发表值 -0.416  -> OK 复现
  分组虚拟变量（s1 为参照）：
      bin   δ（相对 s1）        SE       p        线性预测 (b−1)·γ     偏离
      s2    -0.2580    0.1858   0.1648       -0.4156        +0.1576
      s3    -0.6298    0.1636   0.0001       -0.8312        +0.2014
      s4    -1.2614    0.2216   0.0000       -1.2468        -0.0146
  线性约束 Wald 检验 (H0: δ3=2δ2 且 δ4=3δ2)：χ²(2) = 3.675, p = 0.1592
      -> 不能拒绝线性——把序数当等距在本数据上没有暴露问题
  相对 s1 的变化：s2 -22.7%   s3 -46.7%   s4 -71.7%   单调递减：是

--- javascript ---
  连续型 γ = -0.2288 (SE 0.0674)   稿件发表值 -0.229  -> OK 复现
  分组虚拟变量（s1 为参照）：
      bin   δ（相对 s1）        SE       p        线性预测 (b−1)·γ     偏离
      s2    -0.3112    0.2798   0.2662       -0.2288        -0.0823
      s3    -0.6409    0.2318   0.0057       -0.4577        -0.1832
      s4    -0.6529    0.2286   0.0043       -0.6865        +0.0336
  线性约束 Wald 检验 (H0: δ3=2δ2 且 δ4=3δ2)：χ²(2) = 3.879, p = 0.1437
      -> 不能拒绝线性——把序数当等距在本数据上没有暴露问题
  相对 s1 的变化：s2 -26.7%   s3 -47.3%   s4 -47.9%   单调递减：是

--- java ---
  连续型 γ = -0.1233 (SE 0.0524)   稿件发表值 -0.123  -> OK 复现
  分组虚拟变量（s1 为参照）：
      bin   δ（相对 s1）        SE       p        线性预测 (b−1)·γ     偏离
      s2    -0.1701    0.1493   0.2544       -0.1233        -0.0468
      s3    -0.2885    0.1277   0.0239       -0.2467        -0.0418
      s4    -0.3717    0.1750   0.0337       -0.3700        -0.0017
  线性约束 Wald 检验 (H0: δ3=2δ2 且 δ4=3δ2)：χ²(2) = 0.113, p = 0.9450
      -> 不能拒绝线性——把序数当等距在本数据上没有暴露问题
  相对 s1 的变化：s2 -15.6%   s3 -25.1%   s4 -31.0%   单调递减：是

============================================================================================
汇总
============================================================================================
  语言                  连续γ        δ_s2       δ_s3       δ_s4     χ²(2)        p
  python          -0.4156     -0.2580    -0.6298    -1.2614     3.675   0.1592
  javascript      -0.2288     -0.3112    -0.6409    -0.6529     3.879   0.1437
  java            -0.1233     -0.1701    -0.2885    -0.3717     0.113   0.9450

  拒绝线性的语言：无
  -> 三种语言都不能拒绝线性，§6.1 的连续型口径可以保留；把本表放进 SI 作为'线性假设已检验'的交代即可。

写入 E:\智能体论文\P9b_IPM_20260919\工作文档\R2_downstream\orig\02_estimation\review_r1_reviewer_response_scripts\p1_14_bin_dummies.json

--- stderr ---
