粗化事件研究（参照月 2022-11），月聚类：
  pre W1 2021-06..2021-11    beta=-0.3354  SE=0.0938  t=-3.57
  pre W2 2021-12..2022-05    beta=-0.3430  SE=0.1088  t=-3.15
  pre W3 2022-06..2022-10    beta=-0.3663  SE=0.0666  t=-5.50
  post Y1 2022-12..2023-11   beta=-0.6404  SE=0.0848  t=-7.55
  post Y2 2023-12..2024-11   beta=-0.8270  SE=0.0669  t=-12.36
  post Y3 2024-12..2025-11   beta=-0.7752  SE=0.0437  t=-17.73
  post Y4 2025-12..2026-05   beta=-0.7193  SE=0.1104  t=-6.52

对比量（参照月效应已抵消）：
  前期平均水平（相对参照月） = -0.3279
  sxY1 相对全部前期 = -0.3125 (SE 0.0992)
  sxY2 相对全部前期 = -0.4991 (SE 0.0843)
  sxY3 相对全部前期 = -0.4473 (SE 0.0674)
  sxY4 相对全部前期 = -0.3914 (SE 0.1218)
  后期整体 vs 前期整体 = -0.4156 (SE 0.0632)   ← 应复现头条 gamma = -0.416

自证：全部通过

A) 前期剂量斜率的线性趋势：每月 -0.00278（SE 0.00991，p = 0.779）
   （稿件 §6.2 用月度序列报的是 -0.004/月；两者不同估计量，量级一致）

B) 杠杆：后期平均月中心 21.5 − 前期平均月中心 -8.5 = 30.0 个月
   把点估计推到 0：需反事实趋势 -0.01385/月 = 实测前期漂移的 5.0 倍（同向）
   把 95% 区间推到含 0：需 -0.00972/月 = 3.5 倍

   读法：前期实测漂移 -0.00278/月 本身不显著（p = 0.78）。要抹掉头条效应，
   反事实趋势须与它同向但陡 5.0 倍，且在全部 42 个后期月份持续保持；
   仅仅让效应失去显著性也要 3.5 倍。

已存 p1_parallel_trends_sensitivity.json

--- stderr ---
