N total = 5,975;  age range 0..36 months

======================================================================
A2 — answer-margin dose-DiD (is_answered) under cohort-age restriction
======================================================================

[age>= 0mo]  N=5,975
  score*post = +0.0320 (se 0.0140, p=0.02237)
  s1 answered 0.438->0.375   s4 answered 0.738->0.761

[age>= 6mo]  N=4,784
  score*post = +0.0271 (se 0.0145, p=0.06226)
  s1 answered 0.438->0.390   s4 answered 0.738->0.754

[age>=12mo]  N=3,588
  score*post = +0.0265 (se 0.0183, p=0.1468)
  s1 answered 0.438->0.370   s4 answered 0.738->0.744

[age>=18mo]  N=2,389
  score*post = +0.0230 (se 0.0144, p=0.1094)
  s1 answered 0.438->0.388   s4 answered 0.738->0.737

======================================================================
A2 — same on answer_count (mean answers), age>=12
======================================================================
  score*post = +0.0070 (se 0.0315, p=0.8234), N=3,588

VERDICT (age>=12, is_answered): score*post=+0.0265 p=0.1468 -> DOES NOT clearly survive
DONE

--- stderr ---
