均匀样本回接成功 1198 / 1198 题
对比月份 30 个；均匀 n=1165，原样本 n=2791

======================================================================
每月：均匀样本均分 / 原样本均分 / 差值
======================================================================
  2021-06  post=0   uniform 2.559 (n= 34)   first100 2.442 (n= 95)   Δ +0.117
  2021-07  post=0   uniform 2.375 (n= 40)   first100 2.533 (n= 92)   Δ -0.158
  2021-08  post=0   uniform 2.744 (n= 39)   first100 2.621 (n= 95)   Δ +0.123
  2021-09  post=0   uniform 2.667 (n= 39)   first100 2.702 (n= 94)   Δ -0.035
  2021-10  post=0   uniform 2.650 (n= 40)   first100 2.792 (n= 96)   Δ -0.142
  2021-11  post=0   uniform 2.625 (n= 40)   first100 2.532 (n= 94)   Δ +0.093
  2021-12  post=0   uniform 2.325 (n= 40)   first100 2.768 (n= 95)   Δ -0.443
  2022-01  post=0   uniform 2.359 (n= 39)   first100 2.447 (n= 94)   Δ -0.088
  2022-02  post=0   uniform 2.590 (n= 39)   first100 2.594 (n= 96)   Δ -0.004
  2022-03  post=0   uniform 2.325 (n= 40)   first100 2.559 (n= 93)   Δ -0.234
  2022-04  post=0   uniform 2.400 (n= 40)   first100 2.323 (n= 96)   Δ +0.077
  2022-05  post=0   uniform 2.625 (n= 40)   first100 2.441 (n= 93)   Δ +0.184
  2022-06  post=0   uniform 2.175 (n= 40)   first100 2.632 (n= 95)   Δ -0.457
  2022-07  post=0   uniform 2.410 (n= 39)   first100 2.489 (n= 94)   Δ -0.079
  2022-08  post=0   uniform 2.474 (n= 38)   first100 2.573 (n= 96)   Δ -0.099
  2022-09  post=0   uniform 2.615 (n= 39)   first100 2.615 (n= 96)   Δ +0.001
  2022-10  post=0   uniform 2.700 (n= 40)   first100 2.606 (n= 94)   Δ +0.094
  2022-11  post=0   uniform 2.649 (n= 37)   first100 2.723 (n= 94)   Δ -0.075
  2022-12  post=1   uniform 2.650 (n= 40)   first100 2.656 (n= 93)   Δ -0.006
  2023-01  post=1   uniform 2.850 (n= 40)   first100 2.495 (n= 97)   Δ +0.355
  2023-03  post=1   uniform 2.282 (n= 39)   first100 2.404 (n= 94)   Δ -0.122
  2023-06  post=1   uniform 2.459 (n= 37)   first100 2.348 (n= 89)   Δ +0.111
  2023-09  post=1   uniform 2.667 (n= 39)   first100 2.267 (n= 90)   Δ +0.400
  2023-12  post=1   uniform 2.462 (n= 39)   first100 2.075 (n= 93)   Δ +0.386
  2024-03  post=1   uniform 2.308 (n= 39)   first100 2.055 (n= 91)   Δ +0.253
  2024-06  post=1   uniform 1.947 (n= 38)   first100 2.094 (n= 96)   Δ -0.146
  2024-12  post=1   uniform 2.184 (n= 38)   first100 2.157 (n= 89)   Δ +0.027
  2025-06  post=1   uniform 2.050 (n= 40)   first100 2.262 (n= 84)   Δ -0.212
  2025-12  post=1   uniform 2.237 (n= 38)   first100 2.188 (n= 85)   Δ +0.049
  2026-05  post=1   uniform 2.229 (n= 35)   first100 2.102 (n= 88)   Δ +0.126

======================================================================
R1-A  抽样规则造成的偏倚是否随时间漂移
======================================================================
  前期 Δ = -0.063   后期 Δ = +0.102
  ΔΔ（后−前）= +0.164, SE 0.074, 95% CI [+0.019, +0.310]
  判据 R1-A：不通过 —— 区间不含 0，存在时变污染，需量化后写进稿

======================================================================
R1-B  头条落差在真随机样本上是否复现
======================================================================
  原样本   前 2.578 → 后 2.261   落差 -0.317
  均匀样本 前 2.514 → 后 2.364   落差 -0.150  (SE 0.062, 95% CI [-0.272, -0.027])
  判据 R1-B：通过——同号且显著

======================================================================
R1-C  在均匀样本上重估剂量反应 γ
======================================================================
  γ(均匀样本) = -0.128  (SE 0.079, t = -1.63, 30 个月聚类)
  主稿 γ(最早100) = −0.42
  判据 R1-C：不通过（符号或显著性未复现）

======================================================================
总判：R1-A 不过 / R1-B 过 / R1-C 不过
======================================================================

产物：R1_month_compare.csv  R1_result.json

--- stderr ---
