对比月份 30 个；均匀样本 n=1165，原窗口样本 n=1168（均为我方盲标）

==========================================================================
每月：我方在均匀样本 / 我方在原窗口样本，同一批评分者
==========================================================================
  2021-06  post=0  均匀 2.559(n=34)  原窗口 2.425(n=40)  Δ' +0.134
  2021-07  post=0  均匀 2.375(n=40)  原窗口 2.447(n=38)  Δ' -0.072
  2021-08  post=0  均匀 2.744(n=39)  原窗口 2.450(n=40)  Δ' +0.294
  2021-09  post=0  均匀 2.667(n=39)  原窗口 2.300(n=40)  Δ' +0.367
  2021-10  post=0  均匀 2.650(n=40)  原窗口 2.526(n=38)  Δ' +0.124
  2021-11  post=0  均匀 2.625(n=40)  原窗口 2.324(n=37)  Δ' +0.301
  2021-12  post=0  均匀 2.325(n=40)  原窗口 2.625(n=40)  Δ' -0.300
  2022-01  post=0  均匀 2.359(n=39)  原窗口 2.350(n=40)  Δ' +0.009
  2022-02  post=0  均匀 2.590(n=39)  原窗口 2.425(n=40)  Δ' +0.165
  2022-03  post=0  均匀 2.325(n=40)  原窗口 2.525(n=40)  Δ' -0.200
  2022-04  post=0  均匀 2.400(n=40)  原窗口 2.225(n=40)  Δ' +0.175
  2022-05  post=0  均匀 2.625(n=40)  原窗口 2.487(n=39)  Δ' +0.138
  2022-06  post=0  均匀 2.175(n=40)  原窗口 2.550(n=40)  Δ' -0.375
  2022-07  post=0  均匀 2.410(n=39)  原窗口 2.400(n=40)  Δ' +0.010
  2022-08  post=0  均匀 2.474(n=38)  原窗口 2.450(n=40)  Δ' +0.024
  2022-09  post=0  均匀 2.615(n=39)  原窗口 2.763(n=38)  Δ' -0.148
  2022-10  post=0  均匀 2.700(n=40)  原窗口 2.487(n=39)  Δ' +0.213
  2022-11  post=0  均匀 2.649(n=37)  原窗口 2.750(n=40)  Δ' -0.101
  2022-12  post=1  均匀 2.650(n=40)  原窗口 2.590(n=39)  Δ' +0.060
  2023-01  post=1  均匀 2.850(n=40)  原窗口 2.632(n=38)  Δ' +0.218
  2023-03  post=1  均匀 2.282(n=39)  原窗口 2.541(n=37)  Δ' -0.258
  2023-06  post=1  均匀 2.459(n=37)  原窗口 2.500(n=40)  Δ' -0.041
  2023-09  post=1  均匀 2.667(n=39)  原窗口 2.077(n=39)  Δ' +0.590
  2023-12  post=1  均匀 2.462(n=39)  原窗口 2.350(n=40)  Δ' +0.112
  2024-03  post=1  均匀 2.308(n=39)  原窗口 2.054(n=37)  Δ' +0.254
  2024-06  post=1  均匀 1.947(n=38)  原窗口 2.342(n=38)  Δ' -0.395
  2024-12  post=1  均匀 2.184(n=38)  原窗口 2.184(n=38)  Δ' +0.000
  2025-06  post=1  均匀 2.050(n=40)  原窗口 1.892(n=37)  Δ' +0.158
  2025-12  post=1  均匀 2.237(n=38)  原窗口 2.447(n=38)  Δ' -0.211
  2026-05  post=1  均匀 2.229(n=35)  原窗口 2.237(n=38)  Δ' -0.008

==========================================================================
R1d-A  单一评分者、双抽样设计：Δ' 是否前后期漂移
==========================================================================
  前期 Δ' = +0.042   后期 Δ' = +0.040
  ΔΔ'（后−前）= -0.002, SE 0.090, 95% CI [-0.179, +0.175]
  判据 R1d-A：通过(区间含0)——窗口效应在单一评分者下测不出来

产物：R1d_month_compare.csv  R1d_result.json

--- stderr ---
