==============================================================================
先确认参照月本身是不是异常值（不看回归，直接看原始面板）
==============================================================================
  2022-11（REF）mean_s = 2.723
  前 6 个月（2022-05..2022-10）mean_s：[2.44, 2.63, 2.49, 2.57, 2.61, 2.61]，均值 2.559，SD 0.077
  2022-11 相对前 6 个月的 z 分数 = 2.13（|z|>1.5 视为可疑偏高）

==============================================================================
稳健性：换不同参照，看'前期显著非零'这个结论还在不在
==============================================================================

[V0 原版：参照=2022-11 单月]  参照 = ['2022-11']
  W1   (6月, 2021-06..2021-11)  beta=-0.0973  SE=0.0504  t=-1.93
  W2   (6月, 2021-12..2022-05)  beta=-0.1773  SE=0.0596  t=-2.98
  W3   (5月, 2022-06..2022-10)  beta=-0.1223  SE=0.0216  t=-5.65
  联合 Wald: W=44.52 df=3 p=0.0000  -> 显著非零

[V1：参照=2022年9-11月三月均值]  参照 = ['2022-09', '2022-10', '2022-11']
  W1   (6月, 2021-06..2021-11)  beta=-0.0289  SE=0.0614  t=-0.47
  W2   (6月, 2021-12..2022-05)  beta=-0.1088  SE=0.0691  t=-1.57
  W3   (3月, 2022-06..2022-08)  beta=-0.0668  SE=0.0480  t=-1.39
  联合 Wald: W=3.34 df=3 p=0.3425  -> 不能拒绝为零

[V2：参照=2022年6-11月六月均值]  参照 = ['2022-06', '2022-07', '2022-08', '2022-09', '2022-10', '2022-11']
  W1   (6月, 2021-06..2021-11)  beta=+0.0046  SE=0.0578  t=+0.08
  W2   (6月, 2021-12..2022-05)  beta=-0.0754  SE=0.0658  t=-1.15
  联合 Wald: W=1.43 df=2 p=0.4888  -> 不能拒绝为零

==============================================================================
V3：不设任何单独参照——直接检验三窗口彼此是否有别（H0: W1=W2=W3）
==============================================================================
  以 W1(6月, 2021-06..2021-11) 为参照：
  W2 相对 W1: beta=-0.0799 SE=0.0772
  W3 相对 W1: beta=-0.0046 SE=0.0578
  联合检验 H0: W2=W1 且 W3=W1（即前期内部无结构）：W=1.43 df=2 p=0.4888 -> 不能拒绝——前期内部平坦，窗口间无显著差异

==============================================================================
汇总：三种不同参照下，'联合非零'检验的 p 值
==============================================================================
  V0 原版：参照=2022-11 单月              W= 44.52  p=1.17e-09
  V1：参照=2022年9-11月三月均值             W=  3.34  p=3.43e-01
  V2：参照=2022年6-11月六月均值             W=  1.43  p=4.89e-01
  V3（窗口互比，不涉及参照月绝对水平）             W=  1.43  p=0.4888

写入 E:\智能体论文\P9b_IPM_20260919\工作文档\R2_downstream\blind\02_estimation\review_r1\p0_6_ref_sensitivity.json

--- stderr ---
