两个创建时间源在共有的 5467 条上不一致 0 条
q_creation 缺失 33 条（JSON 侧齐全，可救回）
回抓时点(由最后一次关闭推定) = 2026-08-30
面板最后一月 = 2026-05；该月题目在回抓时的最小寿命 = 111 天 → 90 天暴露窗对它们照样成立

现行口径（丢最后 3 个月 + 丢 39 条缺创建时间的）  (N = 5201)
  s1  pre  4.58% (N= 415)   post  1.96% (N=1227)   diff -2.62 [-4.78, -0.47]
  s2  pre  4.42% (N= 294)   post  1.57% (N= 699)   diff -2.85 [-5.37, -0.32]
  s3  pre  5.12% (N= 586)   post  5.46% (N=1081)   diff +0.34 [-1.90, +2.58]
  s4  pre 12.32% (N= 406)   post 10.95% (N= 493)   diff -1.36 [-5.58, +2.86]

自证：失败 9 条
  !! S1 N 不符：应 5640，实得 5201
  !! S1 s1 百分比不复现：应 3.69/2.12 实得 4.58/1.96
  !! S1 s1 N 不复现：应 271/945 实得 415/1227
  !! S1 s2 百分比不复现：应 4.31/2.48 实得 4.42/1.57
  !! S1 s2 N 不复现：应 394/1090 实得 294/699
  !! S1 s3 百分比不复现：应 4.69/4.08 实得 5.12/5.46
  !! S1 s3 N 不复现：应 661/1300 实得 586/1081
  !! S1 s4 百分比不复现：应 11.83/10.12 实得 12.32/10.95
  !! S1 s4 N 不复现：应 465/514 实得 406/493

建议口径（保留全部月份，JSON 创建时间救回 39 条）  (N = 5500)
  s1  pre  4.58% (N= 415)   post  2.10% (N=1333)   diff -2.48 [-4.63, -0.32]
  s2  pre  4.41% (N= 295)   post  1.68% (N= 773)   diff -2.73 [-5.24, -0.21]
  s3  pre  5.12% (N= 586)   post  5.28% (N=1156)   diff +0.16 [-2.04, +2.36]
  s4  pre 12.32% (N= 406)   post 11.38% (N= 536)   diff -0.93 [-5.11, +3.24]

定性结论变化：
  ** s1 区间不再覆盖零：[-4.63, -0.32]
  ** s2 区间不再覆盖零：[-5.24, -0.21]
  ** s3 差值转正（低档向 s4 靠拢，与相贴标签预测同向）

已存 p1_12_ninety_day_window.json

--- stderr ---
