粗化事件研究（参照月 2022-11），月聚类：
  pre W1 2021-06..2021-11    beta=-0.0973  SE=0.0482  t=-2.02
  pre W2 2021-12..2022-05    beta=-0.1773  SE=0.0569  t=-3.11
  pre W3 2022-06..2022-10    beta=-0.1223  SE=0.0207  t=-5.92
  post Y1 2022-12..2023-11   beta=-0.3184  SE=0.0506  t=-6.30
  post Y2 2023-12..2024-11   beta=-0.5120  SE=0.0372  t=-13.78
  post Y3 2024-12..2025-11   beta=-0.4688  SE=0.0377  t=-12.42
  post Y4 2025-12..2026-05   beta=-0.4067  SE=0.0399  t=-10.20

对比量（参照月效应已抵消）：
  前期平均水平（相对参照月） = -0.1255
  sxY1 相对全部前期 = -0.1929 (SE 0.0566)
  sxY2 相对全部前期 = -0.3865 (SE 0.0451)
  sxY3 相对全部前期 = -0.3433 (SE 0.0456)
  sxY4 相对全部前期 = -0.2813 (SE 0.0473)
  后期整体 vs 前期整体 = -0.3038 (SE 0.0335)   ← 应复现头条 gamma = -0.416

自证：全部通过

A) 前期剂量斜率的线性趋势：每月 -0.00084（SE 0.00439，p = 0.848）
   （稿件 §6.2 用月度序列报的是 -0.004/月；两者不同估计量，量级一致）

B) 杠杆：后期平均月中心 21.5 − 前期平均月中心 -8.5 = 30.0 个月
   把点估计推到 0：需反事实趋势 -0.01013/月 = 实测前期漂移的 12.0 倍（同向）
   把 95% 区间推到含 0：需 -0.00794/月 = 9.4 倍

   读法：前期实测漂移 -0.00084/月 本身不显著（p = 0.85）。要抹掉头条效应，
   反事实趋势须与它同向但陡 12.0 倍，且在全部 42 个后期月份持续保持；
   仅仅让效应失去显著性也要 9.4 倍。

已存 p1_parallel_trends_sensitivity.json

--- stderr ---
