N total = 5,500;  age range 0..36 months

======================================================================
A2 — answer-margin dose-DiD (is_answered) under cohort-age restriction
======================================================================

[age>= 0mo]  N=5,500
  score*post = +0.0417 (se 0.0128, p=0.001094)
  s1 answered 0.564->0.485   s4 answered 0.741->0.776

[age>= 6mo]  N=4,426
  score*post = +0.0394 (se 0.0135, p=0.003528)
  s1 answered 0.564->0.495   s4 answered 0.741->0.776

[age>=12mo]  N=3,351
  score*post = +0.0379 (se 0.0156, p=0.01501)
  s1 answered 0.564->0.473   s4 answered 0.741->0.761

[age>=18mo]  N=2,250
  score*post = +0.0525 (se 0.0235, p=0.0255)
  s1 answered 0.564->0.418   s4 answered 0.741->0.741

======================================================================
A2 — same on answer_count (mean answers), age>=12
======================================================================
  score*post = +0.0196 (se 0.0310, p=0.5272), N=3,351

VERDICT (age>=12, is_answered): score*post=+0.0379 p=0.01501 -> SURVIVES
DONE

--- stderr ---
